c:\str\labwork3\carwashservices\debug\carwashservices.lib
c:\str\labwork3\carwashservices\debug\carwashservices.exp
c:\str\labwork3\carwashservices\debug\carwashservices.pch
c:\str\labwork3\carwashservices\debug\vc143.pdb
c:\str\labwork3\carwashservices\debug\vc143.idb
c:\str\labwork3\carwashservices\debug\pch.obj
c:\str\labwork3\carwashservices\debug\interface_carwash.obj
c:\str\labwork3\carwashservices\debug\dllmain.obj
c:\str\labwork3\carwashservices\debug\carwash.obj
c:\str\labwork3\carwashservices\debug\carwashservices.dll
c:\str\labwork3\carwashservices\debug\carwashservices.ilk
c:\str\labwork3\carwashservices\debug\carwashservices.pdb
c:\str\labwork3\carwashservices\debug\carwashservices.res
c:\str\labwork3\carwashservices\debug\carwashservices.tlog\carwashservices.write.1u.tlog
c:\str\labwork3\carwashservices\debug\carwashservices.tlog\cl.command.1.tlog
c:\str\labwork3\carwashservices\debug\carwashservices.tlog\cl.read.1.tlog
c:\str\labwork3\carwashservices\debug\carwashservices.tlog\cl.write.1.tlog
c:\str\labwork3\carwashservices\debug\carwashservices.tlog\link.command.1.tlog
c:\str\labwork3\carwashservices\debug\carwashservices.tlog\link.read.1.tlog
c:\str\labwork3\carwashservices\debug\carwashservices.tlog\link.write.1.tlog
c:\str\labwork3\carwashservices\debug\carwashservices.tlog\rc.command.1.tlog
c:\str\labwork3\carwashservices\debug\carwashservices.tlog\rc.read.1.tlog
c:\str\labwork3\carwashservices\debug\carwashservices.tlog\rc.write.1.tlog
